# serializer version: 1
# name: test_all_entities_snapshot
  list([
    dict({
      'attributes': dict({
        'device_class': 'problem',
        'friendly_name': 'Bambu Lab PLA Basic PLA Low Filament',
        'icon': 'mdi:alert-circle',
        'remaining_percentage': 75.0,
        'threshold': 75,
        'total_weight': 1000,
        'used_weight': 250,
      }),
      'device_class': <BinarySensorDeviceClass.PROBLEM: 'problem'>,
      'entity_id': 'binary_sensor.spoolman_spool_1_low_filament',
      'platform': 'spoolman',
      'state': 'on',
      'unique_id': 'spoolman_01J0TESTSPOOLMAN0000000000_spool_1_low_filament',
      'unit': None,
    }),
    dict({
      'attributes': dict({
        'device_class': 'problem',
        'error': 'No filament weight data available',
        'friendly_name': 'Spoolman Spool 2 Low Filament',
        'icon': 'mdi:check-circle',
      }),
      'device_class': <BinarySensorDeviceClass.PROBLEM: 'problem'>,
      'entity_id': 'binary_sensor.spoolman_spool_2_low_filament',
      'platform': 'spoolman',
      'state': 'off',
      'unique_id': 'spoolman_01J0TESTSPOOLMAN0000000000_spool_2_low_filament',
      'unit': None,
    }),
    dict({
      'attributes': dict({
        'friendly_name': 'Bambu Lab PLA Basic PLA Location',
        'icon': 'mdi:map-marker',
        'options': list([
          'Drawer 1',
          'Shelf A',
          'Shelf B',
        ]),
      }),
      'device_class': None,
      'entity_id': 'select.spoolman_spool_1_location',
      'platform': 'spoolman',
      'state': 'Shelf A',
      'unique_id': 'spoolman_01J0TESTSPOOLMAN0000000000_spool_1_location',
      'unit': None,
    }),
    dict({
      'attributes': dict({
        'friendly_name': 'Spoolman Spool 2 Location',
        'icon': 'mdi:map-marker',
        'options': list([
          'Drawer 1',
          'Shelf A',
          'Shelf B',
        ]),
      }),
      'device_class': None,
      'entity_id': 'select.spoolman_spool_2_location',
      'platform': 'spoolman',
      'state': 'Shelf B',
      'unique_id': 'spoolman_01J0TESTSPOOLMAN0000000000_spool_2_location',
      'unit': None,
    }),
    dict({
      'attributes': dict({
        'color_hex': 'FF6600',
        'device_class': 'weight',
        'friendly_name': 'Bambu Lab PLA Basic PLA',
        'icon': 'mdi:printer-3d-nozzle',
        'id': 10,
        'material': 'PLA',
        'name': 'PLA Basic',
        'state_class': <SensorStateClass.MEASUREMENT: 'measurement'>,
        'total_remaining_weight': 750,
        'unit_of_measurement': <UnitOfMass.GRAMS: 'g'>,
        'vendor_id': 1,
        'vendor_name': 'Bambu Lab',
      }),
      'device_class': <SensorDeviceClass.WEIGHT: 'weight'>,
      'entity_id': 'sensor.spoolman_filament_10',
      'platform': 'spoolman',
      'state': '750',
      'unique_id': 'spoolman_01J0TESTSPOOLMAN0000000000_filament_10',
      'unit': <UnitOfMass.GRAMS: 'g'>,
    }),
    dict({
      'attributes': dict({
        'color_hex': '00AA00',
        'device_class': 'weight',
        'friendly_name': 'Spoolman Filament 11',
        'icon': 'mdi:printer-3d-nozzle',
        'id': 11,
        'material': 'PETG',
        'name': None,
        'state_class': <SensorStateClass.MEASUREMENT: 'measurement'>,
        'total_remaining_weight': 1000,
        'unit_of_measurement': <UnitOfMass.GRAMS: 'g'>,
      }),
      'device_class': <SensorDeviceClass.WEIGHT: 'weight'>,
      'entity_id': 'sensor.spoolman_filament_11',
      'platform': 'spoolman',
      'state': '1000',
      'unique_id': 'spoolman_01J0TESTSPOOLMAN0000000000_filament_11',
      'unit': <UnitOfMass.GRAMS: 'g'>,
    }),
    dict({
      'attributes': dict({
        'device_class': 'weight',
        'friendly_name': 'Generic Old PLA PLA',
        'icon': 'mdi:printer-3d-nozzle',
        'id': 12,
        'material': 'PLA',
        'name': 'Old PLA',
        'state_class': <SensorStateClass.MEASUREMENT: 'measurement'>,
        'total_remaining_weight': 0,
        'unit_of_measurement': <UnitOfMass.GRAMS: 'g'>,
        'vendor_name': 'Generic',
      }),
      'device_class': <SensorDeviceClass.WEIGHT: 'weight'>,
      'entity_id': 'sensor.spoolman_filament_12',
      'platform': 'spoolman',
      'state': '0',
      'unique_id': 'spoolman_01J0TESTSPOOLMAN0000000000_filament_12',
      'unit': <UnitOfMass.GRAMS: 'g'>,
    }),
    dict({
      'attributes': dict({
        'archived': False,
        'comment': 'Used for benchies',
        'device_class': 'weight',
        'extra_internal_id': '42',
        'extra_sticker_color': 'red',
        'filament_article_number': 'BL-PLA-001',
        'filament_color_hex': 'FF6600',
        'filament_density': 1.24,
        'filament_diameter': 1.75,
        'filament_id': 10,
        'filament_material': 'PLA',
        'filament_name': 'PLA Basic',
        'filament_settings_bed_temp': 60,
        'filament_settings_extruder_temp': 210,
        'filament_vendor_id': 1,
        'filament_vendor_name': 'Bambu Lab',
        'filament_weight': 1000,
        'first_used': '2024-02-01T12:00:00Z',
        'friendly_name': 'Bambu Lab PLA Basic PLA',
        'icon': 'mdi:printer-3d-nozzle',
        'id': 1,
        'klipper_active_spool': False,
        'last_used': '2024-05-01T14:30:00Z',
        'location': 'Shelf A',
        'lot_nr': 'LOT-A-2024',
        'price': 24.99,
        'registered': '2024-01-15T10:00:00Z',
        'remaining_length': 248.5,
        'remaining_weight': 750,
        'spool_weight': 200,
        'state_class': <SensorStateClass.MEASUREMENT: 'measurement'>,
        'unit_of_measurement': <UnitOfMass.GRAMS: 'g'>,
        'used_length': 82.8,
        'used_weight': 250,
      }),
      'device_class': <SensorDeviceClass.WEIGHT: 'weight'>,
      'entity_id': 'sensor.spoolman_spool_1',
      'platform': 'spoolman',
      'state': '750',
      'unique_id': 'spoolman_01J0TESTSPOOLMAN0000000000_spool_1',
      'unit': <UnitOfMass.GRAMS: 'g'>,
    }),
    dict({
      'attributes': dict({
        'friendly_name': 'Bambu Lab PLA Basic PLA Article Number',
        'icon': 'mdi:identifier',
      }),
      'device_class': None,
      'entity_id': 'sensor.spoolman_spool_1_article_number',
      'platform': 'spoolman',
      'state': 'BL-PLA-001',
      'unique_id': 'spoolman_01J0TESTSPOOLMAN0000000000_spool_1_article_number',
      'unit': None,
    }),
    dict({
      'attributes': dict({
        'device_class': 'temperature',
        'friendly_name': 'Bambu Lab PLA Basic PLA Bed Temp',
        'icon': 'mdi:thermometer',
        'state_class': <SensorStateClass.MEASUREMENT: 'measurement'>,
        'unit_of_measurement': <UnitOfTemperature.CELSIUS: '°C'>,
      }),
      'device_class': <SensorDeviceClass.TEMPERATURE: 'temperature'>,
      'entity_id': 'sensor.spoolman_spool_1_bed_temp',
      'platform': 'spoolman',
      'state': '60',
      'unique_id': 'spoolman_01J0TESTSPOOLMAN0000000000_spool_1_bed_temp',
      'unit': <UnitOfTemperature.CELSIUS: '°C'>,
    }),
    dict({
      'attributes': dict({
        'friendly_name': 'Bambu Lab PLA Basic PLA Color Hex',
        'icon': 'mdi:palette',
      }),
      'device_class': None,
      'entity_id': 'sensor.spoolman_spool_1_color_hex',
      'platform': 'spoolman',
      'state': 'FF6600',
      'unique_id': 'spoolman_01J0TESTSPOOLMAN0000000000_spool_1_color_hex',
      'unit': None,
    }),
    dict({
      'attributes': dict({
        'friendly_name': 'Bambu Lab PLA Basic PLA Comment',
        'icon': 'mdi:comment-text',
      }),
      'device_class': None,
      'entity_id': 'sensor.spoolman_spool_1_comment',
      'platform': 'spoolman',
      'state': 'Used for benchies',
      'unique_id': 'spoolman_01J0TESTSPOOLMAN0000000000_spool_1_comment',
      'unit': None,
    }),
    dict({
      'attributes': dict({
        'friendly_name': 'Bambu Lab PLA Basic PLA Density',
        'icon': 'mdi:chart-bell-curve',
        'state_class': <SensorStateClass.MEASUREMENT: 'measurement'>,
        'unit_of_measurement': 'g/cm³',
      }),
      'device_class': None,
      'entity_id': 'sensor.spoolman_spool_1_density',
      'platform': 'spoolman',
      'state': '1.24',
      'unique_id': 'spoolman_01J0TESTSPOOLMAN0000000000_spool_1_density',
      'unit': 'g/cm³',
    }),
    dict({
      'attributes': dict({
        'friendly_name': 'Bambu Lab PLA Basic PLA Diameter',
        'icon': 'mdi:diameter-outline',
        'state_class': <SensorStateClass.MEASUREMENT: 'measurement'>,
        'unit_of_measurement': 'mm',
      }),
      'device_class': None,
      'entity_id': 'sensor.spoolman_spool_1_diameter',
      'platform': 'spoolman',
      'state': '1.75',
      'unique_id': 'spoolman_01J0TESTSPOOLMAN0000000000_spool_1_diameter',
      'unit': 'mm',
    }),
    dict({
      'attributes': dict({
        'days_remaining': None,
        'device_class': 'timestamp',
        'flow_rate': 0.0,
        'friendly_name': 'Bambu Lab PLA Basic PLA Estimated Run Out',
        'hours_remaining': None,
        'icon': 'mdi:clock-alert-outline',
        'remaining_weight': 750,
        'spool_id': 1,
      }),
      'device_class': <SensorDeviceClass.TIMESTAMP: 'timestamp'>,
      'entity_id': 'sensor.spoolman_spool_1_estimated_runout',
      'platform': 'spoolman',
      'state': 'unknown',
      'unique_id': 'spoolman_01J0TESTSPOOLMAN0000000000_spool_1_estimated_runout',
      'unit': None,
    }),
    dict({
      'attributes': dict({
        'field_key': 'internal_id',
        'friendly_name': 'Bambu Lab PLA Basic PLA Extra Internal ID',
        'icon': 'mdi:tag-outline',
        'spool_id': 1,
        'state_class': <SensorStateClass.MEASUREMENT: 'measurement'>,
      }),
      'device_class': None,
      'entity_id': 'sensor.spoolman_spool_1_extra_internal_id',
      'platform': 'spoolman',
      'state': '42',
      'unique_id': 'spoolman_01J0TESTSPOOLMAN0000000000_spool_1_extra_internal_id',
      'unit': None,
    }),
    dict({
      'attributes': dict({
        'field_key': 'sticker_color',
        'friendly_name': 'Bambu Lab PLA Basic PLA Extra Sticker color',
        'icon': 'mdi:tag-outline',
        'spool_id': 1,
      }),
      'device_class': None,
      'entity_id': 'sensor.spoolman_spool_1_extra_sticker_color',
      'platform': 'spoolman',
      'state': 'red',
      'unique_id': 'spoolman_01J0TESTSPOOLMAN0000000000_spool_1_extra_sticker_color',
      'unit': None,
    }),
    dict({
      'attributes': dict({
        'device_class': 'temperature',
        'friendly_name': 'Bambu Lab PLA Basic PLA Extruder Temp',
        'icon': 'mdi:thermometer',
        'state_class': <SensorStateClass.MEASUREMENT: 'measurement'>,
        'unit_of_measurement': <UnitOfTemperature.CELSIUS: '°C'>,
      }),
      'device_class': <SensorDeviceClass.TEMPERATURE: 'temperature'>,
      'entity_id': 'sensor.spoolman_spool_1_extruder_temp',
      'platform': 'spoolman',
      'state': '210',
      'unique_id': 'spoolman_01J0TESTSPOOLMAN0000000000_spool_1_extruder_temp',
      'unit': <UnitOfTemperature.CELSIUS: '°C'>,
    }),
    dict({
      'attributes': dict({
        'friendly_name': 'Bambu Lab PLA Basic PLA Filament Name',
        'icon': 'mdi:label',
      }),
      'device_class': None,
      'entity_id': 'sensor.spoolman_spool_1_filament_name',
      'platform': 'spoolman',
      'state': 'PLA Basic',
      'unique_id': 'spoolman_01J0TESTSPOOLMAN0000000000_spool_1_filament_name',
      'unit': None,
    }),
    dict({
      'attributes': dict({
        'device_class': 'weight',
        'friendly_name': 'Bambu Lab PLA Basic PLA Filament Weight',
        'icon': 'mdi:weight',
        'state_class': <SensorStateClass.MEASUREMENT: 'measurement'>,
        'unit_of_measurement': <UnitOfMass.GRAMS: 'g'>,
      }),
      'device_class': <SensorDeviceClass.WEIGHT: 'weight'>,
      'entity_id': 'sensor.spoolman_spool_1_filament_weight',
      'platform': 'spoolman',
      'state': '1000',
      'unique_id': 'spoolman_01J0TESTSPOOLMAN0000000000_spool_1_filament_weight',
      'unit': <UnitOfMass.GRAMS: 'g'>,
    }),
    dict({
      'attributes': dict({
        'device_class': 'timestamp',
        'friendly_name': 'Bambu Lab PLA Basic PLA First Used',
        'icon': 'mdi:calendar-start',
      }),
      'device_class': <SensorDeviceClass.TIMESTAMP: 'timestamp'>,
      'entity_id': 'sensor.spoolman_spool_1_first_used',
      'platform': 'spoolman',
      'state': '2024-02-01T12:00:00Z',
      'unique_id': 'spoolman_01J0TESTSPOOLMAN0000000000_spool_1_first_used',
      'unit': None,
    }),
    dict({
      'attributes': dict({
        'current_weight': 750,
        'friendly_name': 'Bambu Lab PLA Basic PLA Flow Rate',
        'icon': 'mdi:speedometer',
        'previous_weight': 750,
        'spool_id': 1,
        'state_class': <SensorStateClass.MEASUREMENT: 'measurement'>,
        'unit_of_measurement': 'g/h',
      }),
      'device_class': None,
      'entity_id': 'sensor.spoolman_spool_1_flow_rate',
      'platform': 'spoolman',
      'state': '0',
      'unique_id': 'spoolman_01J0TESTSPOOLMAN0000000000_spool_1_flow_rate',
      'unit': 'g/h',
    }),
    dict({
      'attributes': dict({
        'friendly_name': 'Bambu Lab PLA Basic PLA ID',
        'icon': 'mdi:identifier',
      }),
      'device_class': None,
      'entity_id': 'sensor.spoolman_spool_1_id',
      'platform': 'spoolman',
      'state': '1',
      'unique_id': 'spoolman_01J0TESTSPOOLMAN0000000000_spool_1_id',
      'unit': None,
    }),
    dict({
      'attributes': dict({
        'device_class': 'timestamp',
        'friendly_name': 'Bambu Lab PLA Basic PLA Last Used',
        'icon': 'mdi:calendar-clock',
      }),
      'device_class': <SensorDeviceClass.TIMESTAMP: 'timestamp'>,
      'entity_id': 'sensor.spoolman_spool_1_last_used',
      'platform': 'spoolman',
      'state': '2024-05-01T14:30:00Z',
      'unique_id': 'spoolman_01J0TESTSPOOLMAN0000000000_spool_1_last_used',
      'unit': None,
    }),
    dict({
      'attributes': dict({
        'friendly_name': 'Bambu Lab PLA Basic PLA Location',
        'icon': 'mdi:map-marker',
      }),
      'device_class': None,
      'entity_id': 'sensor.spoolman_spool_1_location',
      'platform': 'spoolman',
      'state': 'Shelf A',
      'unique_id': 'spoolman_01J0TESTSPOOLMAN0000000000_spool_1_location',
      'unit': None,
    }),
    dict({
      'attributes': dict({
        'friendly_name': 'Bambu Lab PLA Basic PLA Lot Number',
        'icon': 'mdi:barcode',
      }),
      'device_class': None,
      'entity_id': 'sensor.spoolman_spool_1_lot_number',
      'platform': 'spoolman',
      'state': 'LOT-A-2024',
      'unique_id': 'spoolman_01J0TESTSPOOLMAN0000000000_spool_1_lot_number',
      'unit': None,
    }),
    dict({
      'attributes': dict({
        'friendly_name': 'Bambu Lab PLA Basic PLA Material',
        'icon': 'mdi:material-design',
      }),
      'device_class': None,
      'entity_id': 'sensor.spoolman_spool_1_material',
      'platform': 'spoolman',
      'state': 'PLA',
      'unique_id': 'spoolman_01J0TESTSPOOLMAN0000000000_spool_1_material',
      'unit': None,
    }),
    dict({
      'attributes': dict({
        'friendly_name': 'Bambu Lab PLA Basic PLA Price',
        'icon': 'mdi:currency-usd',
        'state_class': <SensorStateClass.MEASUREMENT: 'measurement'>,
      }),
      'device_class': None,
      'entity_id': 'sensor.spoolman_spool_1_price',
      'platform': 'spoolman',
      'state': '24.99',
      'unique_id': 'spoolman_01J0TESTSPOOLMAN0000000000_spool_1_price',
      'unit': None,
    }),
    dict({
      'attributes': dict({
        'device_class': 'timestamp',
        'friendly_name': 'Bambu Lab PLA Basic PLA Registered',
        'icon': 'mdi:calendar-plus',
      }),
      'device_class': <SensorDeviceClass.TIMESTAMP: 'timestamp'>,
      'entity_id': 'sensor.spoolman_spool_1_registered',
      'platform': 'spoolman',
      'state': '2024-01-15T10:00:00Z',
      'unique_id': 'spoolman_01J0TESTSPOOLMAN0000000000_spool_1_registered',
      'unit': None,
    }),
    dict({
      'attributes': dict({
        'device_class': 'distance',
        'friendly_name': 'Bambu Lab PLA Basic PLA Remaining Length',
        'icon': 'mdi:tape-measure',
        'state_class': <SensorStateClass.MEASUREMENT: 'measurement'>,
        'unit_of_measurement': 'mm',
      }),
      'device_class': <SensorDeviceClass.DISTANCE: 'distance'>,
      'entity_id': 'sensor.spoolman_spool_1_remaining_length',
      'platform': 'spoolman',
      'state': '248.5',
      'unique_id': 'spoolman_01J0TESTSPOOLMAN0000000000_spool_1_remaining_length',
      'unit': 'mm',
    }),
    dict({
      'attributes': dict({
        'device_class': 'weight',
        'friendly_name': 'Bambu Lab PLA Basic PLA Spool Weight',
        'icon': 'mdi:weight',
        'state_class': <SensorStateClass.MEASUREMENT: 'measurement'>,
        'unit_of_measurement': <UnitOfMass.GRAMS: 'g'>,
      }),
      'device_class': <SensorDeviceClass.WEIGHT: 'weight'>,
      'entity_id': 'sensor.spoolman_spool_1_spool_weight',
      'platform': 'spoolman',
      'state': '200',
      'unique_id': 'spoolman_01J0TESTSPOOLMAN0000000000_spool_1_spool_weight',
      'unit': <UnitOfMass.GRAMS: 'g'>,
    }),
    dict({
      'attributes': dict({
        'device_class': 'distance',
        'friendly_name': 'Bambu Lab PLA Basic PLA Used Length',
        'icon': 'mdi:tape-measure',
        'state_class': <SensorStateClass.TOTAL_INCREASING: 'total_increasing'>,
        'unit_of_measurement': 'mm',
      }),
      'device_class': <SensorDeviceClass.DISTANCE: 'distance'>,
      'entity_id': 'sensor.spoolman_spool_1_used_length',
      'platform': 'spoolman',
      'state': '82.8',
      'unique_id': 'spoolman_01J0TESTSPOOLMAN0000000000_spool_1_used_length',
      'unit': 'mm',
    }),
    dict({
      'attributes': dict({
        'friendly_name': 'Bambu Lab PLA Basic PLA Used Percentage',
        'icon': 'mdi:percent',
        'state_class': <SensorStateClass.MEASUREMENT: 'measurement'>,
        'unit_of_measurement': '%',
      }),
      'device_class': None,
      'entity_id': 'sensor.spoolman_spool_1_used_percentage',
      'platform': 'spoolman',
      'state': '0',
      'unique_id': 'spoolman_01J0TESTSPOOLMAN0000000000_spool_1_used_percentage',
      'unit': '%',
    }),
    dict({
      'attributes': dict({
        'device_class': 'weight',
        'friendly_name': 'Bambu Lab PLA Basic PLA Used Weight',
        'icon': 'mdi:weight',
        'state_class': <SensorStateClass.TOTAL_INCREASING: 'total_increasing'>,
        'unit_of_measurement': <UnitOfMass.GRAMS: 'g'>,
      }),
      'device_class': <SensorDeviceClass.WEIGHT: 'weight'>,
      'entity_id': 'sensor.spoolman_spool_1_used_weight',
      'platform': 'spoolman',
      'state': '250',
      'unique_id': 'spoolman_01J0TESTSPOOLMAN0000000000_spool_1_used_weight',
      'unit': <UnitOfMass.GRAMS: 'g'>,
    }),
    dict({
      'attributes': dict({
        'friendly_name': 'Bambu Lab PLA Basic PLA Vendor',
        'icon': 'mdi:factory',
      }),
      'device_class': None,
      'entity_id': 'sensor.spoolman_spool_1_vendor',
      'platform': 'spoolman',
      'state': 'Bambu Lab',
      'unique_id': 'spoolman_01J0TESTSPOOLMAN0000000000_spool_1_vendor',
      'unit': None,
    }),
    dict({
      'attributes': dict({
        'archived': False,
        'device_class': 'weight',
        'filament_color_hex': '00AA00',
        'filament_id': 11,
        'filament_material': 'PETG',
        'filament_name': None,
        'friendly_name': 'Spoolman Spool 2',
        'icon': 'mdi:printer-3d-nozzle',
        'id': 2,
        'klipper_active_spool': False,
        'location': 'Shelf B',
        'registered': '2024-03-01T09:00:00Z',
        'remaining_length': 330,
        'remaining_weight': 1000,
        'state_class': <SensorStateClass.MEASUREMENT: 'measurement'>,
        'unit_of_measurement': <UnitOfMass.GRAMS: 'g'>,
        'used_length': 0,
        'used_weight': 0,
      }),
      'device_class': <SensorDeviceClass.WEIGHT: 'weight'>,
      'entity_id': 'sensor.spoolman_spool_2',
      'platform': 'spoolman',
      'state': '1000',
      'unique_id': 'spoolman_01J0TESTSPOOLMAN0000000000_spool_2',
      'unit': <UnitOfMass.GRAMS: 'g'>,
    }),
    dict({
      'attributes': dict({
        'friendly_name': 'Spoolman Spool 2 Color Hex',
        'icon': 'mdi:palette',
      }),
      'device_class': None,
      'entity_id': 'sensor.spoolman_spool_2_color_hex',
      'platform': 'spoolman',
      'state': '00AA00',
      'unique_id': 'spoolman_01J0TESTSPOOLMAN0000000000_spool_2_color_hex',
      'unit': None,
    }),
    dict({
      'attributes': dict({
        'days_remaining': None,
        'device_class': 'timestamp',
        'flow_rate': 0.0,
        'friendly_name': 'Spoolman Spool 2 Estimated Run Out',
        'hours_remaining': None,
        'icon': 'mdi:clock-alert-outline',
        'remaining_weight': 1000,
        'spool_id': 2,
      }),
      'device_class': <SensorDeviceClass.TIMESTAMP: 'timestamp'>,
      'entity_id': 'sensor.spoolman_spool_2_estimated_runout',
      'platform': 'spoolman',
      'state': 'unknown',
      'unique_id': 'spoolman_01J0TESTSPOOLMAN0000000000_spool_2_estimated_runout',
      'unit': None,
    }),
    dict({
      'attributes': dict({
        'current_weight': 1000,
        'friendly_name': 'Spoolman Spool 2 Flow Rate',
        'icon': 'mdi:speedometer',
        'previous_weight': 1000,
        'spool_id': 2,
        'state_class': <SensorStateClass.MEASUREMENT: 'measurement'>,
        'unit_of_measurement': 'g/h',
      }),
      'device_class': None,
      'entity_id': 'sensor.spoolman_spool_2_flow_rate',
      'platform': 'spoolman',
      'state': '0',
      'unique_id': 'spoolman_01J0TESTSPOOLMAN0000000000_spool_2_flow_rate',
      'unit': 'g/h',
    }),
    dict({
      'attributes': dict({
        'friendly_name': 'Spoolman Spool 2 ID',
        'icon': 'mdi:identifier',
      }),
      'device_class': None,
      'entity_id': 'sensor.spoolman_spool_2_id',
      'platform': 'spoolman',
      'state': '2',
      'unique_id': 'spoolman_01J0TESTSPOOLMAN0000000000_spool_2_id',
      'unit': None,
    }),
    dict({
      'attributes': dict({
        'friendly_name': 'Spoolman Spool 2 Location',
        'icon': 'mdi:map-marker',
      }),
      'device_class': None,
      'entity_id': 'sensor.spoolman_spool_2_location',
      'platform': 'spoolman',
      'state': 'Shelf B',
      'unique_id': 'spoolman_01J0TESTSPOOLMAN0000000000_spool_2_location',
      'unit': None,
    }),
    dict({
      'attributes': dict({
        'friendly_name': 'Spoolman Spool 2 Material',
        'icon': 'mdi:material-design',
      }),
      'device_class': None,
      'entity_id': 'sensor.spoolman_spool_2_material',
      'platform': 'spoolman',
      'state': 'PETG',
      'unique_id': 'spoolman_01J0TESTSPOOLMAN0000000000_spool_2_material',
      'unit': None,
    }),
    dict({
      'attributes': dict({
        'device_class': 'timestamp',
        'friendly_name': 'Spoolman Spool 2 Registered',
        'icon': 'mdi:calendar-plus',
      }),
      'device_class': <SensorDeviceClass.TIMESTAMP: 'timestamp'>,
      'entity_id': 'sensor.spoolman_spool_2_registered',
      'platform': 'spoolman',
      'state': '2024-03-01T09:00:00Z',
      'unique_id': 'spoolman_01J0TESTSPOOLMAN0000000000_spool_2_registered',
      'unit': None,
    }),
    dict({
      'attributes': dict({
        'device_class': 'distance',
        'friendly_name': 'Spoolman Spool 2 Remaining Length',
        'icon': 'mdi:tape-measure',
        'state_class': <SensorStateClass.MEASUREMENT: 'measurement'>,
        'unit_of_measurement': 'mm',
      }),
      'device_class': <SensorDeviceClass.DISTANCE: 'distance'>,
      'entity_id': 'sensor.spoolman_spool_2_remaining_length',
      'platform': 'spoolman',
      'state': '330',
      'unique_id': 'spoolman_01J0TESTSPOOLMAN0000000000_spool_2_remaining_length',
      'unit': 'mm',
    }),
    dict({
      'attributes': dict({
        'device_class': 'distance',
        'friendly_name': 'Spoolman Spool 2 Used Length',
        'icon': 'mdi:tape-measure',
        'state_class': <SensorStateClass.TOTAL_INCREASING: 'total_increasing'>,
        'unit_of_measurement': 'mm',
      }),
      'device_class': <SensorDeviceClass.DISTANCE: 'distance'>,
      'entity_id': 'sensor.spoolman_spool_2_used_length',
      'platform': 'spoolman',
      'state': '0',
      'unique_id': 'spoolman_01J0TESTSPOOLMAN0000000000_spool_2_used_length',
      'unit': 'mm',
    }),
    dict({
      'attributes': dict({
        'friendly_name': 'Spoolman Spool 2 Used Percentage',
        'icon': 'mdi:percent',
        'state_class': <SensorStateClass.MEASUREMENT: 'measurement'>,
        'unit_of_measurement': '%',
      }),
      'device_class': None,
      'entity_id': 'sensor.spoolman_spool_2_used_percentage',
      'platform': 'spoolman',
      'state': '0',
      'unique_id': 'spoolman_01J0TESTSPOOLMAN0000000000_spool_2_used_percentage',
      'unit': '%',
    }),
    dict({
      'attributes': dict({
        'device_class': 'weight',
        'friendly_name': 'Spoolman Spool 2 Used Weight',
        'icon': 'mdi:weight',
        'state_class': <SensorStateClass.TOTAL_INCREASING: 'total_increasing'>,
        'unit_of_measurement': <UnitOfMass.GRAMS: 'g'>,
      }),
      'device_class': <SensorDeviceClass.WEIGHT: 'weight'>,
      'entity_id': 'sensor.spoolman_spool_2_used_weight',
      'platform': 'spoolman',
      'state': '0',
      'unique_id': 'spoolman_01J0TESTSPOOLMAN0000000000_spool_2_used_weight',
      'unit': <UnitOfMass.GRAMS: 'g'>,
    }),
  ])
# ---
# name: test_device_registry_snapshot
  list([
    dict({
      'identifiers': list([
        "('spoolman', 'http://spoolman.test:7912/', 'Filaments')",
      ]),
      'manufacturer': 'https://github.com/Donkie/Spoolman',
      'model': 'Spoolman',
      'name': 'Filaments',
    }),
    dict({
      'identifiers': list([
        "('spoolman', 'http://spoolman.test:7912/', 'location_Shelf A')",
      ]),
      'manufacturer': 'https://github.com/Donkie/Spoolman',
      'model': 'Spoolman Location Hub',
      'name': 'Location: Shelf A',
    }),
    dict({
      'identifiers': list([
        "('spoolman', 'http://spoolman.test:7912/', 'location_Shelf B')",
      ]),
      'manufacturer': 'https://github.com/Donkie/Spoolman',
      'model': 'Spoolman Location Hub',
      'name': 'Location: Shelf B',
    }),
    dict({
      'identifiers': list([
        "('spoolman', 'http://spoolman.test:7912/', 'spool_1')",
      ]),
      'manufacturer': 'Bambu Lab',
      'model': 'PLA - PLA Basic',
      'name': 'Bambu Lab PLA Basic PLA',
    }),
    dict({
      'identifiers': list([
        "('spoolman', 'http://spoolman.test:7912/', 'spool_2')",
      ]),
      'manufacturer': 'Unknown',
      'model': 'PETG - None',
      'name': 'Spoolman Spool 2',
    }),
  ])
# ---
